000 (1815395.000.000) 2025-05-06 15:25:36 Job submitted from host: <10.9.86.41:9618?addrs=10.9.86.41-9618&alias=REDLRADADM14958.ad.medctr.ucla.edu&noUDP&sock=schedd_2970_c05e>
...
040 (1815395.000.000) 2025-05-06 15:26:00 Started transferring input files
	Transferring to host: <10.9.86.42:9618?addrs=10.9.86.42-9618&alias=REDLRADADM14959.ad.medctr.ucla.edu&noUDP&sock=slot1_1_4369_1b0b_20578>
...
040 (1815395.000.000) 2025-05-06 15:26:00 Finished transferring input files
...
001 (1815395.000.000) 2025-05-06 15:26:01 Job executing on host: <10.9.86.42:9618?addrs=10.9.86.42-9618&alias=REDLRADADM14959.ad.medctr.ucla.edu&noUDP&sock=startd_3632_d410>
	SlotName: slot1_1@REDLRADADM14959.ad.medctr.ucla.edu
	AvailableGPUs = { GPUs_GPU_814f208a,GPUs_GPU_aa89f48d }
	CondorScratchDir = "/var/lib/condor/execute/dir_3023686"
	Cpus = 1
	Disk = 7861
	GPUs = 2
	GPUs_GPU_814f208a = [ Id = "GPU-814f208a"; ClockMhz = 1770.0; Capability = 7.5; CoresPerCU = 64; DeviceName = "Quadro RTX 8000"; DeviceUuid = "814f208a-0084-e091-cffb-dc81d3df4ee3"; ECCEnabled = false; ComputeUnits = 72; DriverVersion = 12.8; DevicePciBusId = "0000:1A:00.0"; GlobalMemoryMb = 48403; MaxSupportedVersion = 12080 ]
	GPUs_GPU_aa89f48d = [ Id = "GPU-aa89f48d"; ClockMhz = 1770.0; Capability = 7.5; CoresPerCU = 64; DeviceName = "Quadro RTX 8000"; DeviceUuid = "aa89f48d-f38a-c984-f7ad-689c5bf4241a"; ECCEnabled = false; ComputeUnits = 72; DriverVersion = 12.8; DevicePciBusId = "0000:1B:00.0"; GlobalMemoryMb = 48403; MaxSupportedVersion = 12080 ]
	Memory = 20480
...
006 (1815395.000.000) 2025-05-06 15:31:15 Image size of job updated: 9767
	9767  -  MemoryUsage of job (MB)
	10001972  -  ResidentSetSize of job (KB)
...
006 (1815395.000.000) 2025-05-06 15:36:16 Image size of job updated: 9960
	9960  -  MemoryUsage of job (MB)
	10199976  -  ResidentSetSize of job (KB)
...
006 (1815395.000.000) 2025-05-06 15:41:16 Image size of job updated: 10005
	10005  -  MemoryUsage of job (MB)
	10246048  -  ResidentSetSize of job (KB)
...
006 (1815395.000.000) 2025-05-06 15:46:16 Image size of job updated: 10097
	10097  -  MemoryUsage of job (MB)
	10339368  -  ResidentSetSize of job (KB)
...
006 (1815395.000.000) 2025-05-06 15:51:16 Image size of job updated: 10122
	10122  -  MemoryUsage of job (MB)
	10365156  -  ResidentSetSize of job (KB)
...
006 (1815395.000.000) 2025-05-06 15:56:16 Image size of job updated: 10179
	10179  -  MemoryUsage of job (MB)
	10423744  -  ResidentSetSize of job (KB)
...
006 (1815395.000.000) 2025-05-06 16:01:17 Image size of job updated: 10230
	10230  -  MemoryUsage of job (MB)
	10475664  -  ResidentSetSize of job (KB)
...
006 (1815395.000.000) 2025-05-06 16:06:18 Image size of job updated: 10255
	10255  -  MemoryUsage of job (MB)
	10502116  -  ResidentSetSize of job (KB)
...
006 (1815395.000.000) 2025-05-06 16:11:19 Image size of job updated: 10293
	10293  -  MemoryUsage of job (MB)
	10540860  -  ResidentSetSize of job (KB)
...
006 (1815395.000.000) 2025-05-06 16:16:20 Image size of job updated: 10340
	10340  -  MemoryUsage of job (MB)
	10589116  -  ResidentSetSize of job (KB)
...
006 (1815395.000.000) 2025-05-06 16:21:20 Image size of job updated: 10383
	10383  -  MemoryUsage of job (MB)
	10632932  -  ResidentSetSize of job (KB)
...
006 (1815395.000.000) 2025-05-06 16:26:20 Image size of job updated: 10416
	10416  -  MemoryUsage of job (MB)
	10666352  -  ResidentSetSize of job (KB)
...
006 (1815395.000.000) 2025-05-06 16:31:20 Image size of job updated: 10451
	10451  -  MemoryUsage of job (MB)
	10701948  -  ResidentSetSize of job (KB)
...
006 (1815395.000.000) 2025-05-06 16:36:20 Image size of job updated: 10471
	10471  -  MemoryUsage of job (MB)
	10722336  -  ResidentSetSize of job (KB)
...
006 (1815395.000.000) 2025-05-06 16:41:21 Image size of job updated: 10517
	10517  -  MemoryUsage of job (MB)
	10770384  -  ResidentSetSize of job (KB)
...
006 (1815395.000.000) 2025-05-06 16:46:22 Image size of job updated: 10556
	10556  -  MemoryUsage of job (MB)
	10809716  -  ResidentSetSize of job (KB)
...
006 (1815395.000.000) 2025-05-06 16:51:23 Image size of job updated: 10619
	10619  -  MemoryUsage of job (MB)
	10874844  -  ResidentSetSize of job (KB)
...
006 (1815395.000.000) 2025-05-06 16:56:24 Image size of job updated: 10632
	10632  -  MemoryUsage of job (MB)
	10888076  -  ResidentSetSize of job (KB)
...
006 (1815395.000.000) 2025-05-06 17:01:24 Image size of job updated: 10682
	10682  -  MemoryUsage of job (MB)
	10939100  -  ResidentSetSize of job (KB)
...
006 (1815395.000.000) 2025-05-06 17:06:24 Image size of job updated: 10710
	10710  -  MemoryUsage of job (MB)
	10967440  -  ResidentSetSize of job (KB)
...
006 (1815395.000.000) 2025-05-06 17:11:24 Image size of job updated: 10740
	10740  -  MemoryUsage of job (MB)
	10998024  -  ResidentSetSize of job (KB)
...
006 (1815395.000.000) 2025-05-06 17:16:24 Image size of job updated: 10770
	10770  -  MemoryUsage of job (MB)
	11029464  -  ResidentSetSize of job (KB)
...
006 (1815395.000.000) 2025-05-06 17:21:25 Image size of job updated: 10785
	10785  -  MemoryUsage of job (MB)
	11044584  -  ResidentSetSize of job (KB)
...
006 (1815395.000.000) 2025-05-06 17:26:26 Image size of job updated: 10825
	10825  -  MemoryUsage of job (MB)
	11084940  -  ResidentSetSize of job (KB)
...
006 (1815395.000.000) 2025-05-06 17:31:27 Image size of job updated: 10878
	10878  -  MemoryUsage of job (MB)
	11139368  -  ResidentSetSize of job (KB)
...
006 (1815395.000.000) 2025-05-06 17:36:28 Image size of job updated: 10920
	10920  -  MemoryUsage of job (MB)
	11182612  -  ResidentSetSize of job (KB)
...
006 (1815395.000.000) 2025-05-06 17:41:28 Image size of job updated: 10939
	10939  -  MemoryUsage of job (MB)
	11201868  -  ResidentSetSize of job (KB)
...
006 (1815395.000.000) 2025-05-06 17:46:28 Image size of job updated: 10963
	10963  -  MemoryUsage of job (MB)
	11226692  -  ResidentSetSize of job (KB)
...
006 (1815395.000.000) 2025-05-06 17:51:28 Image size of job updated: 11032
	11032  -  MemoryUsage of job (MB)
	11296844  -  ResidentSetSize of job (KB)
...
006 (1815395.000.000) 2025-05-06 17:56:28 Image size of job updated: 11091
	11091  -  MemoryUsage of job (MB)
	11357568  -  ResidentSetSize of job (KB)
...
006 (1815395.000.000) 2025-05-06 18:06:30 Image size of job updated: 11151
	11151  -  MemoryUsage of job (MB)
	11419408  -  ResidentSetSize of job (KB)
...
006 (1815395.000.000) 2025-05-06 18:16:32 Image size of job updated: 11181
	11181  -  MemoryUsage of job (MB)
	11450240  -  ResidentSetSize of job (KB)
...
006 (1815395.000.000) 2025-05-06 18:21:32 Image size of job updated: 11249
	11249  -  MemoryUsage of job (MB)
	11519828  -  ResidentSetSize of job (KB)
...
006 (1815395.000.000) 2025-05-06 18:26:32 Image size of job updated: 11256
	11256  -  MemoryUsage of job (MB)
	11526672  -  ResidentSetSize of job (KB)
...
006 (1815395.000.000) 2025-05-06 18:31:32 Image size of job updated: 11278
	11278  -  MemoryUsage of job (MB)
	11549364  -  ResidentSetSize of job (KB)
...
006 (1815395.000.000) 2025-05-06 18:36:33 Image size of job updated: 11313
	11313  -  MemoryUsage of job (MB)
	11585200  -  ResidentSetSize of job (KB)
...
006 (1815395.000.000) 2025-05-06 18:41:34 Image size of job updated: 11354
	11354  -  MemoryUsage of job (MB)
	11626548  -  ResidentSetSize of job (KB)
...
006 (1815395.000.000) 2025-05-06 18:46:35 Image size of job updated: 11381
	11381  -  MemoryUsage of job (MB)
	11654400  -  ResidentSetSize of job (KB)
...
006 (1815395.000.000) 2025-05-06 18:51:36 Image size of job updated: 11423
	11423  -  MemoryUsage of job (MB)
	11697736  -  ResidentSetSize of job (KB)
...
006 (1815395.000.000) 2025-05-06 18:56:36 Image size of job updated: 11430
	11430  -  MemoryUsage of job (MB)
	11704832  -  ResidentSetSize of job (KB)
...
006 (1815395.000.000) 2025-05-06 19:01:36 Image size of job updated: 11490
	11490  -  MemoryUsage of job (MB)
	11766312  -  ResidentSetSize of job (KB)
...
006 (1815395.000.000) 2025-05-06 19:06:36 Image size of job updated: 11496
	11496  -  MemoryUsage of job (MB)
	11772356  -  ResidentSetSize of job (KB)
...
006 (1815395.000.000) 2025-05-06 19:11:36 Image size of job updated: 11557
	11557  -  MemoryUsage of job (MB)
	11834536  -  ResidentSetSize of job (KB)
...
006 (1815395.000.000) 2025-05-06 19:16:37 Image size of job updated: 11583
	11583  -  MemoryUsage of job (MB)
	11861728  -  ResidentSetSize of job (KB)
...
006 (1815395.000.000) 2025-05-06 19:21:38 Image size of job updated: 11648
	11648  -  MemoryUsage of job (MB)
	11927604  -  ResidentSetSize of job (KB)
...
006 (1815395.000.000) 2025-05-06 19:26:39 Image size of job updated: 11676
	11676  -  MemoryUsage of job (MB)
	11956940  -  ResidentSetSize of job (KB)
...
006 (1815395.000.000) 2025-05-06 19:31:40 Image size of job updated: 11703
	11703  -  MemoryUsage of job (MB)
	11984012  -  ResidentSetSize of job (KB)
...
006 (1815395.000.000) 2025-05-06 19:36:40 Image size of job updated: 11715
	11715  -  MemoryUsage of job (MB)
	11996464  -  ResidentSetSize of job (KB)
...
006 (1815395.000.000) 2025-05-06 19:41:40 Image size of job updated: 11785
	11785  -  MemoryUsage of job (MB)
	12068056  -  ResidentSetSize of job (KB)
...
006 (1815395.000.000) 2025-05-06 19:46:40 Image size of job updated: 11799
	11799  -  MemoryUsage of job (MB)
	12082696  -  ResidentSetSize of job (KB)
...
006 (1815395.000.000) 2025-05-06 19:51:40 Image size of job updated: 11829
	11829  -  MemoryUsage of job (MB)
	12113228  -  ResidentSetSize of job (KB)
...
006 (1815395.000.000) 2025-05-06 19:56:41 Image size of job updated: 11850
	11850  -  MemoryUsage of job (MB)
	12135268  -  ResidentSetSize of job (KB)
...
006 (1815395.000.000) 2025-05-06 20:06:43 Image size of job updated: 11894
	11894  -  MemoryUsage of job (MB)
	12180304  -  ResidentSetSize of job (KB)
...
006 (1815395.000.000) 2025-05-06 20:11:44 Image size of job updated: 11944
	11944  -  MemoryUsage of job (MB)
	12230964  -  ResidentSetSize of job (KB)
...
006 (1815395.000.000) 2025-05-06 20:21:44 Image size of job updated: 11983
	11983  -  MemoryUsage of job (MB)
	12270748  -  ResidentSetSize of job (KB)
...
006 (1815395.000.000) 2025-05-06 20:26:44 Image size of job updated: 11984
	11984  -  MemoryUsage of job (MB)
	12272616  -  ResidentSetSize of job (KB)
...
006 (1815395.000.000) 2025-05-06 20:31:45 Image size of job updated: 12047
	12047  -  MemoryUsage of job (MB)
	12336724  -  ResidentSetSize of job (KB)
...
006 (1815395.000.000) 2025-05-06 20:36:46 Image size of job updated: 12068
	12068  -  MemoryUsage of job (MB)
	12357928  -  ResidentSetSize of job (KB)
...
006 (1815395.000.000) 2025-05-06 20:41:47 Image size of job updated: 12099
	12099  -  MemoryUsage of job (MB)
	12389808  -  ResidentSetSize of job (KB)
...
006 (1815395.000.000) 2025-05-06 20:46:48 Image size of job updated: 12123
	12123  -  MemoryUsage of job (MB)
	12414612  -  ResidentSetSize of job (KB)
...
006 (1815395.000.000) 2025-05-06 20:51:48 Image size of job updated: 12159
	12159  -  MemoryUsage of job (MB)
	12451372  -  ResidentSetSize of job (KB)
...
006 (1815395.000.000) 2025-05-06 21:01:48 Image size of job updated: 12232
	12232  -  MemoryUsage of job (MB)
	12526040  -  ResidentSetSize of job (KB)
...
006 (1815395.000.000) 2025-05-06 21:06:48 Image size of job updated: 12262
	12262  -  MemoryUsage of job (MB)
	12556420  -  ResidentSetSize of job (KB)
...
006 (1815395.000.000) 2025-05-06 21:11:49 Image size of job updated: 12300
	12300  -  MemoryUsage of job (MB)
	12595328  -  ResidentSetSize of job (KB)
...
006 (1815395.000.000) 2025-05-06 21:16:50 Image size of job updated: 12321
	12321  -  MemoryUsage of job (MB)
	12617680  -  ResidentSetSize of job (KB)
...
006 (1815395.000.000) 2025-05-06 21:21:51 Image size of job updated: 12325
	12325  -  MemoryUsage of job (MB)
	12620920  -  ResidentSetSize of job (KB)
...
006 (1815395.000.000) 2025-05-06 21:26:52 Image size of job updated: 12375
	12375  -  MemoryUsage of job (MB)
	12672032  -  ResidentSetSize of job (KB)
...
006 (1815395.000.000) 2025-05-06 21:31:52 Image size of job updated: 12404
	12404  -  MemoryUsage of job (MB)
	12702044  -  ResidentSetSize of job (KB)
...
006 (1815395.000.000) 2025-05-06 21:36:52 Image size of job updated: 12459
	12459  -  MemoryUsage of job (MB)
	12758444  -  ResidentSetSize of job (KB)
...
006 (1815395.000.000) 2025-05-06 21:41:52 Image size of job updated: 12473
	12473  -  MemoryUsage of job (MB)
	12772708  -  ResidentSetSize of job (KB)
...
006 (1815395.000.000) 2025-05-06 21:46:53 Image size of job updated: 12494
	12494  -  MemoryUsage of job (MB)
	12794712  -  ResidentSetSize of job (KB)
...
006 (1815395.000.000) 2025-05-06 21:51:54 Image size of job updated: 12515
	12515  -  MemoryUsage of job (MB)
	12815488  -  ResidentSetSize of job (KB)
...
006 (1815395.000.000) 2025-05-06 21:56:55 Image size of job updated: 12528
	12528  -  MemoryUsage of job (MB)
	12829208  -  ResidentSetSize of job (KB)
...
006 (1815395.000.000) 2025-05-06 22:01:56 Image size of job updated: 12531
	12531  -  MemoryUsage of job (MB)
	12832660  -  ResidentSetSize of job (KB)
...
006 (1815395.000.000) 2025-05-06 22:06:57 Image size of job updated: 12649
	12649  -  MemoryUsage of job (MB)
	12953348  -  ResidentSetSize of job (KB)
...
006 (1815395.000.000) 2025-05-06 22:11:57 Image size of job updated: 12655
	12655  -  MemoryUsage of job (MB)
	12959036  -  ResidentSetSize of job (KB)
...
006 (1815395.000.000) 2025-05-06 22:21:57 Image size of job updated: 12673
	12673  -  MemoryUsage of job (MB)
	12977576  -  ResidentSetSize of job (KB)
...
006 (1815395.000.000) 2025-05-06 22:26:58 Image size of job updated: 12727
	12727  -  MemoryUsage of job (MB)
	13033256  -  ResidentSetSize of job (KB)
...
006 (1815395.000.000) 2025-05-06 22:31:59 Image size of job updated: 12729
	12729  -  MemoryUsage of job (MB)
	13035272  -  ResidentSetSize of job (KB)
...
006 (1815395.000.000) 2025-05-06 22:37:00 Image size of job updated: 12749
	12749  -  MemoryUsage of job (MB)
	13055480  -  ResidentSetSize of job (KB)
...
006 (1815395.000.000) 2025-05-06 22:42:01 Image size of job updated: 12767
	12767  -  MemoryUsage of job (MB)
	13073712  -  ResidentSetSize of job (KB)
...
006 (1815395.000.000) 2025-05-06 22:47:01 Image size of job updated: 12841
	12841  -  MemoryUsage of job (MB)
	13150100  -  ResidentSetSize of job (KB)
...
006 (1815395.000.000) 2025-05-06 22:57:01 Image size of job updated: 12914
	12914  -  MemoryUsage of job (MB)
	13224492  -  ResidentSetSize of job (KB)
...
006 (1815395.000.000) 2025-05-06 23:17:02 Image size of job updated: 12955
	12955  -  MemoryUsage of job (MB)
	13266344  -  ResidentSetSize of job (KB)
...
006 (1815395.000.000) 2025-05-06 23:22:03 Image size of job updated: 13029
	13029  -  MemoryUsage of job (MB)
	13342004  -  ResidentSetSize of job (KB)
...
006 (1815395.000.000) 2025-05-06 23:27:04 Image size of job updated: 13064
	13064  -  MemoryUsage of job (MB)
	13377900  -  ResidentSetSize of job (KB)
...
006 (1815395.000.000) 2025-05-06 23:42:05 Image size of job updated: 13094
	13094  -  MemoryUsage of job (MB)
	13408520  -  ResidentSetSize of job (KB)
...
006 (1815395.000.000) 2025-05-06 23:47:05 Image size of job updated: 13129
	13129  -  MemoryUsage of job (MB)
	13444952  -  ResidentSetSize of job (KB)
...
006 (1815395.000.000) 2025-05-06 23:57:06 Image size of job updated: 13198
	13198  -  MemoryUsage of job (MB)
	13514920  -  ResidentSetSize of job (KB)
...
006 (1815395.000.000) 2025-05-07 00:02:07 Image size of job updated: 13227
	13227  -  MemoryUsage of job (MB)
	13545308  -  ResidentSetSize of job (KB)
...
006 (1815395.000.000) 2025-05-07 00:07:08 Image size of job updated: 13242
	13242  -  MemoryUsage of job (MB)
	13560188  -  ResidentSetSize of job (KB)
...
006 (1815395.000.000) 2025-05-07 00:12:09 Image size of job updated: 13260
	13260  -  MemoryUsage of job (MB)
	13579104  -  ResidentSetSize of job (KB)
...
006 (1815395.000.000) 2025-05-07 00:17:09 Image size of job updated: 13309
	13309  -  MemoryUsage of job (MB)
	13628436  -  ResidentSetSize of job (KB)
...
006 (1815395.000.000) 2025-05-07 00:27:10 Image size of job updated: 13343
	13343  -  MemoryUsage of job (MB)
	13664232  -  ResidentSetSize of job (KB)
...
006 (1815395.000.000) 2025-05-07 00:42:12 Image size of job updated: 13356
	13356  -  MemoryUsage of job (MB)
	13676832  -  ResidentSetSize of job (KB)
...
006 (1815395.000.000) 2025-05-07 00:47:13 Image size of job updated: 13403
	13403  -  MemoryUsage of job (MB)
	13725140  -  ResidentSetSize of job (KB)
...
006 (1815395.000.000) 2025-05-07 00:52:14 Image size of job updated: 13441
	13441  -  MemoryUsage of job (MB)
	13764248  -  ResidentSetSize of job (KB)
...
006 (1815395.000.000) 2025-05-07 00:57:14 Image size of job updated: 13475
	13475  -  MemoryUsage of job (MB)
	13798660  -  ResidentSetSize of job (KB)
...
006 (1815395.000.000) 2025-05-07 01:02:14 Image size of job updated: 13499
	13499  -  MemoryUsage of job (MB)
	13823812  -  ResidentSetSize of job (KB)
...
006 (1815395.000.000) 2025-05-07 01:12:15 Image size of job updated: 13508
	13508  -  MemoryUsage of job (MB)
	13832316  -  ResidentSetSize of job (KB)
...
006 (1815395.000.000) 2025-05-07 01:17:16 Image size of job updated: 13509
	13509  -  MemoryUsage of job (MB)
	13834000  -  ResidentSetSize of job (KB)
...
006 (1815395.000.000) 2025-05-07 01:22:17 Image size of job updated: 13545
	13545  -  MemoryUsage of job (MB)
	13870928  -  ResidentSetSize of job (KB)
...
006 (1815395.000.000) 2025-05-07 01:37:18 Image size of job updated: 13595
	13595  -  MemoryUsage of job (MB)
	13922244  -  ResidentSetSize of job (KB)
...
006 (1815395.000.000) 2025-05-07 01:47:18 Image size of job updated: 13646
	13646  -  MemoryUsage of job (MB)
	13974204  -  ResidentSetSize of job (KB)
...
006 (1815395.000.000) 2025-05-07 01:52:19 Image size of job updated: 13677
	13677  -  MemoryUsage of job (MB)
	14006100  -  ResidentSetSize of job (KB)
...
006 (1815395.000.000) 2025-05-07 02:02:21 Image size of job updated: 13702
	13702  -  MemoryUsage of job (MB)
	14031460  -  ResidentSetSize of job (KB)
...
006 (1815395.000.000) 2025-05-07 02:07:22 Image size of job updated: 13734
	13734  -  MemoryUsage of job (MB)
	14063940  -  ResidentSetSize of job (KB)
...
006 (1815395.000.000) 2025-05-07 02:17:22 Image size of job updated: 13807
	13807  -  MemoryUsage of job (MB)
	14139040  -  ResidentSetSize of job (KB)
...
006 (1815395.000.000) 2025-05-07 02:22:22 Image size of job updated: 13817
	13817  -  MemoryUsage of job (MB)
	14148916  -  ResidentSetSize of job (KB)
...
006 (1815395.000.000) 2025-05-07 02:32:23 Image size of job updated: 13822
	13822  -  MemoryUsage of job (MB)
	14154464  -  ResidentSetSize of job (KB)
...
006 (1815395.000.000) 2025-05-07 02:37:24 Image size of job updated: 13877
	13877  -  MemoryUsage of job (MB)
	14210368  -  ResidentSetSize of job (KB)
...
006 (1815395.000.000) 2025-05-07 02:52:26 Image size of job updated: 13879
	13879  -  MemoryUsage of job (MB)
	14212728  -  ResidentSetSize of job (KB)
...
006 (1815395.000.000) 2025-05-07 02:57:26 Image size of job updated: 13934
	13934  -  MemoryUsage of job (MB)
	14268832  -  ResidentSetSize of job (KB)
...
006 (1815395.000.000) 2025-05-07 03:02:26 Image size of job updated: 13942
	13942  -  MemoryUsage of job (MB)
	14276888  -  ResidentSetSize of job (KB)
...
006 (1815395.000.000) 2025-05-07 03:17:28 Image size of job updated: 13952
	13952  -  MemoryUsage of job (MB)
	14287768  -  ResidentSetSize of job (KB)
...
006 (1815395.000.000) 2025-05-07 03:22:29 Image size of job updated: 13980
	13980  -  MemoryUsage of job (MB)
	14316532  -  ResidentSetSize of job (KB)
...
006 (1815395.000.000) 2025-05-07 03:27:30 Image size of job updated: 13997
	13997  -  MemoryUsage of job (MB)
	14333820  -  ResidentSetSize of job (KB)
...
006 (1815395.000.000) 2025-05-07 03:32:30 Image size of job updated: 14018
	14018  -  MemoryUsage of job (MB)
	14355028  -  ResidentSetSize of job (KB)
...
006 (1815395.000.000) 2025-05-07 03:37:30 Image size of job updated: 14025
	14025  -  MemoryUsage of job (MB)
	14362560  -  ResidentSetSize of job (KB)
...
006 (1815395.000.000) 2025-05-07 03:42:30 Image size of job updated: 14110
	14110  -  MemoryUsage of job (MB)
	14449520  -  ResidentSetSize of job (KB)
...
006 (1815395.000.000) 2025-05-07 03:47:31 Image size of job updated: 14110
	14110  -  MemoryUsage of job (MB)
	14449524  -  ResidentSetSize of job (KB)
...
006 (1815395.000.000) 2025-05-07 03:52:31 Image size of job updated: 14151
	14151  -  MemoryUsage of job (MB)
	14491180  -  ResidentSetSize of job (KB)
...
006 (1815395.000.000) 2025-05-07 04:02:33 Image size of job updated: 14172
	14172  -  MemoryUsage of job (MB)
	14512968  -  ResidentSetSize of job (KB)
...
006 (1815395.000.000) 2025-05-07 04:07:34 Image size of job updated: 14206
	14206  -  MemoryUsage of job (MB)
	14547596  -  ResidentSetSize of job (KB)
...
006 (1815395.000.000) 2025-05-07 04:17:35 Image size of job updated: 14226
	14226  -  MemoryUsage of job (MB)
	14567712  -  ResidentSetSize of job (KB)
...
006 (1815395.000.000) 2025-05-07 04:22:35 Image size of job updated: 14241
	14241  -  MemoryUsage of job (MB)
	14583104  -  ResidentSetSize of job (KB)
...
006 (1815395.000.000) 2025-05-07 04:32:35 Image size of job updated: 14293
	14293  -  MemoryUsage of job (MB)
	14636492  -  ResidentSetSize of job (KB)
...
006 (1815395.000.000) 2025-05-07 04:47:38 Image size of job updated: 14294
	14294  -  MemoryUsage of job (MB)
	14637856  -  ResidentSetSize of job (KB)
...
006 (1815395.000.000) 2025-05-07 04:52:39 Image size of job updated: 14320
	14320  -  MemoryUsage of job (MB)
	14664164  -  ResidentSetSize of job (KB)
...
006 (1815395.000.000) 2025-05-07 04:57:39 Image size of job updated: 14329
	14329  -  MemoryUsage of job (MB)
	14673048  -  ResidentSetSize of job (KB)
...
006 (1815395.000.000) 2025-05-07 05:02:39 Image size of job updated: 14343
	14343  -  MemoryUsage of job (MB)
	14688028  -  ResidentSetSize of job (KB)
...
006 (1815395.000.000) 2025-05-07 05:07:39 Image size of job updated: 14379
	14379  -  MemoryUsage of job (MB)
	14724888  -  ResidentSetSize of job (KB)
...
006 (1815395.000.000) 2025-05-07 05:12:39 Image size of job updated: 14380
	14380  -  MemoryUsage of job (MB)
	14725192  -  ResidentSetSize of job (KB)
...
006 (1815395.000.000) 2025-05-07 05:22:41 Image size of job updated: 14405
	14405  -  MemoryUsage of job (MB)
	14750728  -  ResidentSetSize of job (KB)
...
006 (1815395.000.000) 2025-05-07 05:27:42 Image size of job updated: 14438
	14438  -  MemoryUsage of job (MB)
	14785152  -  ResidentSetSize of job (KB)
...
006 (1815395.000.000) 2025-05-07 05:32:43 Image size of job updated: 14439
	14439  -  MemoryUsage of job (MB)
	14786432  -  ResidentSetSize of job (KB)
...
006 (1815395.000.000) 2025-05-07 05:42:44 Image size of job updated: 14469
	14469  -  MemoryUsage of job (MB)
	14816696  -  ResidentSetSize of job (KB)
...
006 (1815395.000.000) 2025-05-07 05:47:44 Image size of job updated: 14507
	14507  -  MemoryUsage of job (MB)
	14855632  -  ResidentSetSize of job (KB)
...
006 (1815395.000.000) 2025-05-07 06:07:46 Image size of job updated: 14536
	14536  -  MemoryUsage of job (MB)
	14885844  -  ResidentSetSize of job (KB)
...
006 (1815395.000.000) 2025-05-07 06:12:47 Image size of job updated: 14566
	14566  -  MemoryUsage of job (MB)
	14915700  -  ResidentSetSize of job (KB)
...
006 (1815395.000.000) 2025-05-07 06:17:48 Image size of job updated: 14574
	14574  -  MemoryUsage of job (MB)
	14924744  -  ResidentSetSize of job (KB)
...
006 (1815395.000.000) 2025-05-07 06:22:48 Image size of job updated: 14586
	14586  -  MemoryUsage of job (MB)
	14936068  -  ResidentSetSize of job (KB)
...
006 (1815395.000.000) 2025-05-07 06:27:48 Image size of job updated: 14613
	14613  -  MemoryUsage of job (MB)
	14963812  -  ResidentSetSize of job (KB)
...
006 (1815395.000.000) 2025-05-07 06:32:48 Image size of job updated: 14617
	14617  -  MemoryUsage of job (MB)
	14968232  -  ResidentSetSize of job (KB)
...
006 (1815395.000.000) 2025-05-07 06:37:48 Image size of job updated: 14655
	14655  -  MemoryUsage of job (MB)
	15007328  -  ResidentSetSize of job (KB)
...
006 (1815395.000.000) 2025-05-07 06:42:49 Image size of job updated: 14660
	14660  -  MemoryUsage of job (MB)
	15012220  -  ResidentSetSize of job (KB)
...
006 (1815395.000.000) 2025-05-07 06:47:50 Image size of job updated: 14676
	14676  -  MemoryUsage of job (MB)
	15028380  -  ResidentSetSize of job (KB)
...
006 (1815395.000.000) 2025-05-07 06:52:51 Image size of job updated: 14712
	14712  -  MemoryUsage of job (MB)
	15065644  -  ResidentSetSize of job (KB)
...
006 (1815395.000.000) 2025-05-07 06:57:52 Image size of job updated: 14731
	14731  -  MemoryUsage of job (MB)
	15085548  -  ResidentSetSize of job (KB)
...
006 (1815395.000.000) 2025-05-07 07:02:52 Image size of job updated: 14760
	14760  -  MemoryUsage of job (MB)
	15114676  -  ResidentSetSize of job (KB)
...
006 (1815395.000.000) 2025-05-07 07:12:52 Image size of job updated: 14836
	14836  -  MemoryUsage of job (MB)
	15192784  -  ResidentSetSize of job (KB)
...
006 (1815395.000.000) 2025-05-07 07:17:53 Image size of job updated: 14856
	14856  -  MemoryUsage of job (MB)
	15212804  -  ResidentSetSize of job (KB)
...
006 (1815395.000.000) 2025-05-07 07:37:57 Image size of job updated: 14870
	14870  -  MemoryUsage of job (MB)
	15227180  -  ResidentSetSize of job (KB)
...
006 (1815395.000.000) 2025-05-07 07:42:57 Image size of job updated: 14883
	14883  -  MemoryUsage of job (MB)
	15240712  -  ResidentSetSize of job (KB)
...
006 (1815395.000.000) 2025-05-07 07:52:57 Image size of job updated: 14928
	14928  -  MemoryUsage of job (MB)
	15286980  -  ResidentSetSize of job (KB)
...
006 (1815395.000.000) 2025-05-07 07:57:57 Image size of job updated: 14947
	14947  -  MemoryUsage of job (MB)
	15306116  -  ResidentSetSize of job (KB)
...
006 (1815395.000.000) 2025-05-07 08:07:59 Image size of job updated: 14956
	14956  -  MemoryUsage of job (MB)
	15315848  -  ResidentSetSize of job (KB)
...
006 (1815395.000.000) 2025-05-07 08:13:00 Image size of job updated: 14982
	14982  -  MemoryUsage of job (MB)
	15341732  -  ResidentSetSize of job (KB)
...
006 (1815395.000.000) 2025-05-07 08:18:01 Image size of job updated: 14991
	14991  -  MemoryUsage of job (MB)
	15351352  -  ResidentSetSize of job (KB)
...
006 (1815395.000.000) 2025-05-07 08:28:01 Image size of job updated: 15019
	15019  -  MemoryUsage of job (MB)
	15380388  -  ResidentSetSize of job (KB)
...
006 (1815395.000.000) 2025-05-07 08:38:01 Image size of job updated: 15066
	15066  -  MemoryUsage of job (MB)
	15428548  -  ResidentSetSize of job (KB)
...
006 (1815395.000.000) 2025-05-07 08:53:04 Image size of job updated: 15072
	15072  -  MemoryUsage of job (MB)
	15433844  -  ResidentSetSize of job (KB)
...
006 (1815395.000.000) 2025-05-07 08:58:05 Image size of job updated: 15077
	15077  -  MemoryUsage of job (MB)
	15439824  -  ResidentSetSize of job (KB)
...
006 (1815395.000.000) 2025-05-07 09:03:05 Image size of job updated: 15094
	15094  -  MemoryUsage of job (MB)
	15456884  -  ResidentSetSize of job (KB)
...
006 (1815395.000.000) 2025-05-07 09:08:05 Image size of job updated: 15152
	15152  -  MemoryUsage of job (MB)
	15516436  -  ResidentSetSize of job (KB)
...
006 (1815395.000.000) 2025-05-07 09:13:05 Image size of job updated: 15166
	15166  -  MemoryUsage of job (MB)
	15530864  -  ResidentSetSize of job (KB)
...
006 (1815395.000.000) 2025-05-07 09:23:06 Image size of job updated: 15170
	15170  -  MemoryUsage of job (MB)
	15534772  -  ResidentSetSize of job (KB)
...
006 (1815395.000.000) 2025-05-07 09:28:07 Image size of job updated: 15205
	15205  -  MemoryUsage of job (MB)
	15570800  -  ResidentSetSize of job (KB)
...
006 (1815395.000.000) 2025-05-07 09:33:08 Image size of job updated: 15247
	15247  -  MemoryUsage of job (MB)
	15613564  -  ResidentSetSize of job (KB)
...
006 (1815395.000.000) 2025-05-07 09:43:09 Image size of job updated: 15253
	15253  -  MemoryUsage of job (MB)
	15619656  -  ResidentSetSize of job (KB)
...
006 (1815395.000.000) 2025-05-07 09:48:09 Image size of job updated: 15288
	15288  -  MemoryUsage of job (MB)
	15655220  -  ResidentSetSize of job (KB)
...
006 (1815395.000.000) 2025-05-07 10:13:11 Image size of job updated: 15324
	15324  -  MemoryUsage of job (MB)
	15692156  -  ResidentSetSize of job (KB)
...
006 (1815395.000.000) 2025-05-07 10:23:13 Image size of job updated: 15336
	15336  -  MemoryUsage of job (MB)
	15704156  -  ResidentSetSize of job (KB)
...
006 (1815395.000.000) 2025-05-07 10:33:14 Image size of job updated: 15349
	15349  -  MemoryUsage of job (MB)
	15717764  -  ResidentSetSize of job (KB)
...
006 (1815395.000.000) 2025-05-07 10:38:14 Image size of job updated: 15384
	15384  -  MemoryUsage of job (MB)
	15754032  -  ResidentSetSize of job (KB)
...
006 (1815395.000.000) 2025-05-07 10:43:14 Image size of job updated: 15424
	15424  -  MemoryUsage of job (MB)
	15795144  -  ResidentSetSize of job (KB)
...
006 (1815395.000.000) 2025-05-07 11:08:18 Image size of job updated: 15426
	15426  -  MemoryUsage of job (MB)
	15797044  -  ResidentSetSize of job (KB)
...
006 (1815395.000.000) 2025-05-07 11:13:19 Image size of job updated: 15440
	15440  -  MemoryUsage of job (MB)
	15810672  -  ResidentSetSize of job (KB)
...
006 (1815395.000.000) 2025-05-07 11:23:19 Image size of job updated: 15444
	15444  -  MemoryUsage of job (MB)
	15815192  -  ResidentSetSize of job (KB)
...
006 (1815395.000.000) 2025-05-07 11:28:19 Image size of job updated: 15473
	15473  -  MemoryUsage of job (MB)
	15845044  -  ResidentSetSize of job (KB)
...
006 (1815395.000.000) 2025-05-07 11:33:20 Image size of job updated: 15483
	15483  -  MemoryUsage of job (MB)
	15854740  -  ResidentSetSize of job (KB)
...
006 (1815395.000.000) 2025-05-07 11:38:21 Image size of job updated: 15495
	15495  -  MemoryUsage of job (MB)
	15867396  -  ResidentSetSize of job (KB)
...
006 (1815395.000.000) 2025-05-07 11:48:23 Image size of job updated: 15513
	15513  -  MemoryUsage of job (MB)
	15885624  -  ResidentSetSize of job (KB)
...
006 (1815395.000.000) 2025-05-07 11:53:23 Image size of job updated: 15531
	15531  -  MemoryUsage of job (MB)
	15904724  -  ResidentSetSize of job (KB)
...
006 (1815395.000.000) 2025-05-07 11:58:23 Image size of job updated: 15534
	15534  -  MemoryUsage of job (MB)
	15907624  -  ResidentSetSize of job (KB)
...
006 (1815395.000.000) 2025-05-07 12:08:23 Image size of job updated: 15550
	15550  -  MemoryUsage of job (MB)
	15923532  -  ResidentSetSize of job (KB)
...
006 (1815395.000.000) 2025-05-07 12:18:25 Image size of job updated: 15550
	15550  -  MemoryUsage of job (MB)
	15924108  -  ResidentSetSize of job (KB)
...
006 (1815395.000.000) 2025-05-07 12:23:26 Image size of job updated: 15632
	15632  -  MemoryUsage of job (MB)
	16008016  -  ResidentSetSize of job (KB)
...
006 (1815395.000.000) 2025-05-07 12:38:28 Image size of job updated: 15659
	15659  -  MemoryUsage of job (MB)
	16035148  -  ResidentSetSize of job (KB)
...
006 (1815395.000.000) 2025-05-07 12:58:29 Image size of job updated: 15667
	15667  -  MemoryUsage of job (MB)
	16043572  -  ResidentSetSize of job (KB)
...
006 (1815395.000.000) 2025-05-07 13:08:31 Image size of job updated: 15693
	15693  -  MemoryUsage of job (MB)
	16070244  -  ResidentSetSize of job (KB)
...
006 (1815395.000.000) 2025-05-07 13:18:32 Image size of job updated: 15703
	15703  -  MemoryUsage of job (MB)
	16080076  -  ResidentSetSize of job (KB)
...
006 (1815395.000.000) 2025-05-07 13:28:32 Image size of job updated: 15763
	15763  -  MemoryUsage of job (MB)
	16142320  -  ResidentSetSize of job (KB)
...
006 (1815395.000.000) 2025-05-07 13:48:36 Image size of job updated: 15774
	15774  -  MemoryUsage of job (MB)
	16152684  -  ResidentSetSize of job (KB)
...
006 (1815395.000.000) 2025-05-07 13:58:36 Image size of job updated: 15789
	15789  -  MemoryUsage of job (MB)
	16168136  -  ResidentSetSize of job (KB)
...
006 (1815395.000.000) 2025-05-07 14:18:38 Image size of job updated: 15797
	15797  -  MemoryUsage of job (MB)
	16176520  -  ResidentSetSize of job (KB)
...
006 (1815395.000.000) 2025-05-07 14:33:41 Image size of job updated: 15811
	15811  -  MemoryUsage of job (MB)
	16191032  -  ResidentSetSize of job (KB)
...
006 (1815395.000.000) 2025-05-07 14:38:41 Image size of job updated: 15832
	15832  -  MemoryUsage of job (MB)
	16212672  -  ResidentSetSize of job (KB)
...
006 (1815395.000.000) 2025-05-07 14:43:41 Image size of job updated: 15886
	15886  -  MemoryUsage of job (MB)
	16268204  -  ResidentSetSize of job (KB)
...
006 (1815395.000.000) 2025-05-07 14:58:42 Image size of job updated: 15896
	15896  -  MemoryUsage of job (MB)
	16278440  -  ResidentSetSize of job (KB)
...
006 (1815395.000.000) 2025-05-07 15:03:43 Image size of job updated: 15911
	15911  -  MemoryUsage of job (MB)
	16293244  -  ResidentSetSize of job (KB)
...
006 (1815395.000.000) 2025-05-07 15:08:44 Image size of job updated: 15938
	15938  -  MemoryUsage of job (MB)
	16321480  -  ResidentSetSize of job (KB)
...
006 (1815395.000.000) 2025-05-07 15:13:45 Image size of job updated: 15955
	15955  -  MemoryUsage of job (MB)
	16338132  -  ResidentSetSize of job (KB)
...
006 (1815395.000.000) 2025-05-07 15:18:45 Image size of job updated: 15983
	15983  -  MemoryUsage of job (MB)
	16366748  -  ResidentSetSize of job (KB)
...
006 (1815395.000.000) 2025-05-07 15:38:46 Image size of job updated: 15985
	15985  -  MemoryUsage of job (MB)
	16368752  -  ResidentSetSize of job (KB)
...
006 (1815395.000.000) 2025-05-07 15:48:48 Image size of job updated: 16002
	16002  -  MemoryUsage of job (MB)
	16386180  -  ResidentSetSize of job (KB)
...
006 (1815395.000.000) 2025-05-07 15:58:50 Image size of job updated: 16043
	16043  -  MemoryUsage of job (MB)
	16428420  -  ResidentSetSize of job (KB)
...
006 (1815395.000.000) 2025-05-07 16:03:51 Image size of job updated: 16060
	16060  -  MemoryUsage of job (MB)
	16445780  -  ResidentSetSize of job (KB)
...
006 (1815395.000.000) 2025-05-07 16:13:53 Image size of job updated: 16079
	16079  -  MemoryUsage of job (MB)
	16465100  -  ResidentSetSize of job (KB)
...
006 (1815395.000.000) 2025-05-07 16:28:54 Image size of job updated: 16099
	16099  -  MemoryUsage of job (MB)
	16486060  -  ResidentSetSize of job (KB)
...
006 (1815395.000.000) 2025-05-07 16:48:55 Image size of job updated: 16100
	16100  -  MemoryUsage of job (MB)
	16487160  -  ResidentSetSize of job (KB)
...
006 (1815395.000.000) 2025-05-07 17:03:55 Image size of job updated: 16125
	16125  -  MemoryUsage of job (MB)
	16512752  -  ResidentSetSize of job (KB)
...
006 (1815395.000.000) 2025-05-07 17:08:55 Image size of job updated: 16148
	16148  -  MemoryUsage of job (MB)
	16536312  -  ResidentSetSize of job (KB)
...
006 (1815395.000.000) 2025-05-07 17:48:55 Image size of job updated: 16168
	16168  -  MemoryUsage of job (MB)
	16556092  -  ResidentSetSize of job (KB)
...
006 (1815395.000.000) 2025-05-07 17:53:55 Image size of job updated: 16206
	16206  -  MemoryUsage of job (MB)
	16595268  -  ResidentSetSize of job (KB)
...
006 (1815395.000.000) 2025-05-07 18:03:58 Image size of job updated: 16222
	16222  -  MemoryUsage of job (MB)
	16611548  -  ResidentSetSize of job (KB)
...
006 (1815395.000.000) 2025-05-07 18:13:58 Image size of job updated: 16224
	16224  -  MemoryUsage of job (MB)
	16613536  -  ResidentSetSize of job (KB)
...
006 (1815395.000.000) 2025-05-07 18:18:59 Image size of job updated: 16229
	16229  -  MemoryUsage of job (MB)
	16619272  -  ResidentSetSize of job (KB)
...
006 (1815395.000.000) 2025-05-07 18:23:59 Image size of job updated: 16241
	16241  -  MemoryUsage of job (MB)
	16631668  -  ResidentSetSize of job (KB)
...
006 (1815395.000.000) 2025-05-07 18:34:00 Image size of job updated: 16245
	16245  -  MemoryUsage of job (MB)
	16635568  -  ResidentSetSize of job (KB)
...
006 (1815395.000.000) 2025-05-07 18:44:00 Image size of job updated: 16262
	16262  -  MemoryUsage of job (MB)
	16653300  -  ResidentSetSize of job (KB)
...
006 (1815395.000.000) 2025-05-07 18:49:01 Image size of job updated: 16282
	16282  -  MemoryUsage of job (MB)
	16673380  -  ResidentSetSize of job (KB)
...
006 (1815395.000.000) 2025-05-07 18:54:02 Image size of job updated: 16305
	16305  -  MemoryUsage of job (MB)
	16696772  -  ResidentSetSize of job (KB)
...
006 (1815395.000.000) 2025-05-07 19:04:03 Image size of job updated: 16333
	16333  -  MemoryUsage of job (MB)
	16725832  -  ResidentSetSize of job (KB)
...
006 (1815395.000.000) 2025-05-07 19:09:04 Image size of job updated: 16348
	16348  -  MemoryUsage of job (MB)
	16741332  -  ResidentSetSize of job (KB)
...
006 (1815395.000.000) 2025-05-07 19:29:05 Image size of job updated: 16391
	16391  -  MemoryUsage of job (MB)
	16785280  -  ResidentSetSize of job (KB)
...
006 (1815395.000.000) 2025-05-07 19:59:08 Image size of job updated: 16398
	16398  -  MemoryUsage of job (MB)
	16791612  -  ResidentSetSize of job (KB)
...
006 (1815395.000.000) 2025-05-07 20:04:08 Image size of job updated: 16400
	16400  -  MemoryUsage of job (MB)
	16794612  -  ResidentSetSize of job (KB)
...
006 (1815395.000.000) 2025-05-07 20:09:09 Image size of job updated: 16415
	16415  -  MemoryUsage of job (MB)
	16809956  -  ResidentSetSize of job (KB)
...
006 (1815395.000.000) 2025-05-07 20:14:10 Image size of job updated: 16507
	16507  -  MemoryUsage of job (MB)
	16904188  -  ResidentSetSize of job (KB)
...
006 (1815395.000.000) 2025-05-07 20:54:14 Image size of job updated: 16539
	16539  -  MemoryUsage of job (MB)
	16936252  -  ResidentSetSize of job (KB)
...
006 (1815395.000.000) 2025-05-07 21:04:15 Image size of job updated: 16556
	16556  -  MemoryUsage of job (MB)
	16953792  -  ResidentSetSize of job (KB)
...
006 (1815395.000.000) 2025-05-07 21:44:19 Image size of job updated: 16566
	16566  -  MemoryUsage of job (MB)
	16964160  -  ResidentSetSize of job (KB)
...
006 (1815395.000.000) 2025-05-07 21:49:20 Image size of job updated: 16586
	16586  -  MemoryUsage of job (MB)
	16984268  -  ResidentSetSize of job (KB)
...
006 (1815395.000.000) 2025-05-07 21:59:21 Image size of job updated: 16665
	16665  -  MemoryUsage of job (MB)
	17065504  -  ResidentSetSize of job (KB)
...
006 (1815395.000.000) 2025-05-07 22:24:23 Image size of job updated: 16686
	16686  -  MemoryUsage of job (MB)
	17087064  -  ResidentSetSize of job (KB)
...
006 (1815395.000.000) 2025-05-07 22:39:25 Image size of job updated: 16687
	16687  -  MemoryUsage of job (MB)
	17088328  -  ResidentSetSize of job (KB)
...
006 (1815395.000.000) 2025-05-07 22:49:25 Image size of job updated: 16690
	16690  -  MemoryUsage of job (MB)
	17091368  -  ResidentSetSize of job (KB)
...
006 (1815395.000.000) 2025-05-07 22:59:26 Image size of job updated: 16692
	16692  -  MemoryUsage of job (MB)
	17093520  -  ResidentSetSize of job (KB)
...
006 (1815395.000.000) 2025-05-07 23:04:27 Image size of job updated: 16707
	16707  -  MemoryUsage of job (MB)
	17108436  -  ResidentSetSize of job (KB)
...
006 (1815395.000.000) 2025-05-07 23:29:30 Image size of job updated: 16721
	16721  -  MemoryUsage of job (MB)
	17122724  -  ResidentSetSize of job (KB)
...
006 (1815395.000.000) 2025-05-07 23:39:31 Image size of job updated: 16764
	16764  -  MemoryUsage of job (MB)
	17167176  -  ResidentSetSize of job (KB)
...
006 (1815395.000.000) 2025-05-07 23:44:32 Image size of job updated: 16781
	16781  -  MemoryUsage of job (MB)
	17183800  -  ResidentSetSize of job (KB)
...
006 (1815395.000.000) 2025-05-08 00:04:33 Image size of job updated: 16792
	16792  -  MemoryUsage of job (MB)
	17195920  -  ResidentSetSize of job (KB)
...
006 (1815395.000.000) 2025-05-08 00:14:34 Image size of job updated: 16801
	16801  -  MemoryUsage of job (MB)
	17204656  -  ResidentSetSize of job (KB)
...
006 (1815395.000.000) 2025-05-08 00:29:36 Image size of job updated: 16816
	16816  -  MemoryUsage of job (MB)
	17220156  -  ResidentSetSize of job (KB)
...
006 (1815395.000.000) 2025-05-08 00:34:36 Image size of job updated: 16827
	16827  -  MemoryUsage of job (MB)
	17231440  -  ResidentSetSize of job (KB)
...
006 (1815395.000.000) 2025-05-08 00:54:38 Image size of job updated: 16865
	16865  -  MemoryUsage of job (MB)
	17270588  -  ResidentSetSize of job (KB)
...
006 (1815395.000.000) 2025-05-08 01:19:41 Image size of job updated: 16908
	16908  -  MemoryUsage of job (MB)
	17314204  -  ResidentSetSize of job (KB)
...
006 (1815395.000.000) 2025-05-08 01:44:43 Image size of job updated: 16929
	16929  -  MemoryUsage of job (MB)
	17335732  -  ResidentSetSize of job (KB)
...
006 (1815395.000.000) 2025-05-08 01:54:44 Image size of job updated: 16956
	16956  -  MemoryUsage of job (MB)
	17363964  -  ResidentSetSize of job (KB)
...
006 (1815395.000.000) 2025-05-08 02:29:46 Image size of job updated: 17008
	17008  -  MemoryUsage of job (MB)
	17416632  -  ResidentSetSize of job (KB)
...
006 (1815395.000.000) 2025-05-08 03:04:50 Image size of job updated: 17034
	17034  -  MemoryUsage of job (MB)
	17443616  -  ResidentSetSize of job (KB)
...
006 (1815395.000.000) 2025-05-08 03:09:50 Image size of job updated: 17054
	17054  -  MemoryUsage of job (MB)
	17463384  -  ResidentSetSize of job (KB)
...
006 (1815395.000.000) 2025-05-08 03:29:52 Image size of job updated: 17083
	17083  -  MemoryUsage of job (MB)
	17493116  -  ResidentSetSize of job (KB)
...
006 (1815395.000.000) 2025-05-08 03:59:54 Image size of job updated: 17106
	17106  -  MemoryUsage of job (MB)
	17517300  -  ResidentSetSize of job (KB)
...
006 (1815395.000.000) 2025-05-08 04:04:55 Image size of job updated: 17108
	17108  -  MemoryUsage of job (MB)
	17518856  -  ResidentSetSize of job (KB)
...
006 (1815395.000.000) 2025-05-08 04:44:58 Image size of job updated: 17118
	17118  -  MemoryUsage of job (MB)
	17528952  -  ResidentSetSize of job (KB)
...
006 (1815395.000.000) 2025-05-08 04:54:59 Image size of job updated: 17149
	17149  -  MemoryUsage of job (MB)
	17561232  -  ResidentSetSize of job (KB)
...
006 (1815395.000.000) 2025-05-08 04:59:59 Image size of job updated: 17150
	17150  -  MemoryUsage of job (MB)
	17562348  -  ResidentSetSize of job (KB)
...
006 (1815395.000.000) 2025-05-08 05:04:59 Image size of job updated: 17162
	17162  -  MemoryUsage of job (MB)
	17574564  -  ResidentSetSize of job (KB)
...
006 (1815395.000.000) 2025-05-08 05:15:00 Image size of job updated: 17185
	17185  -  MemoryUsage of job (MB)
	17598344  -  ResidentSetSize of job (KB)
...
006 (1815395.000.000) 2025-05-08 05:20:01 Image size of job updated: 17212
	17212  -  MemoryUsage of job (MB)
	17625256  -  ResidentSetSize of job (KB)
...
006 (1815395.000.000) 2025-05-08 05:50:04 Image size of job updated: 17217
	17217  -  MemoryUsage of job (MB)
	17630224  -  ResidentSetSize of job (KB)
...
006 (1815395.000.000) 2025-05-08 06:00:05 Image size of job updated: 17246
	17246  -  MemoryUsage of job (MB)
	17660428  -  ResidentSetSize of job (KB)
...
006 (1815395.000.000) 2025-05-08 06:15:06 Image size of job updated: 17255
	17255  -  MemoryUsage of job (MB)
	17669836  -  ResidentSetSize of job (KB)
...
006 (1815395.000.000) 2025-05-08 06:20:06 Image size of job updated: 17260
	17260  -  MemoryUsage of job (MB)
	17674616  -  ResidentSetSize of job (KB)
...
006 (1815395.000.000) 2025-05-08 06:55:09 Image size of job updated: 17292
	17292  -  MemoryUsage of job (MB)
	17707108  -  ResidentSetSize of job (KB)
...
006 (1815395.000.000) 2025-05-08 07:10:10 Image size of job updated: 17298
	17298  -  MemoryUsage of job (MB)
	17713996  -  ResidentSetSize of job (KB)
...
006 (1815395.000.000) 2025-05-08 07:40:13 Image size of job updated: 17300
	17300  -  MemoryUsage of job (MB)
	17716176  -  ResidentSetSize of job (KB)
...
006 (1815395.000.000) 2025-05-08 07:45:14 Image size of job updated: 17320
	17320  -  MemoryUsage of job (MB)
	17736392  -  ResidentSetSize of job (KB)
...
006 (1815395.000.000) 2025-05-08 07:55:14 Image size of job updated: 17323
	17323  -  MemoryUsage of job (MB)
	17739072  -  ResidentSetSize of job (KB)
...
006 (1815395.000.000) 2025-05-08 08:20:16 Image size of job updated: 17338
	17338  -  MemoryUsage of job (MB)
	17754580  -  ResidentSetSize of job (KB)
...
006 (1815395.000.000) 2025-05-08 08:25:17 Image size of job updated: 17349
	17349  -  MemoryUsage of job (MB)
	17766372  -  ResidentSetSize of job (KB)
...
006 (1815395.000.000) 2025-05-08 08:40:19 Image size of job updated: 17351
	17351  -  MemoryUsage of job (MB)
	17768248  -  ResidentSetSize of job (KB)
...
006 (1815395.000.000) 2025-05-08 08:45:20 Image size of job updated: 17387
	17387  -  MemoryUsage of job (MB)
	17804696  -  ResidentSetSize of job (KB)
...
006 (1815395.000.000) 2025-05-08 08:50:21 Image size of job updated: 17409
	17409  -  MemoryUsage of job (MB)
	17827576  -  ResidentSetSize of job (KB)
...
006 (1815395.000.000) 2025-05-08 09:30:25 Image size of job updated: 17438
	17438  -  MemoryUsage of job (MB)
	17856580  -  ResidentSetSize of job (KB)
...
006 (1815395.000.000) 2025-05-08 09:50:28 Image size of job updated: 17447
	17447  -  MemoryUsage of job (MB)
	17866620  -  ResidentSetSize of job (KB)
...
006 (1815395.000.000) 2025-05-08 10:10:28 Image size of job updated: 17448
	17448  -  MemoryUsage of job (MB)
	17867364  -  ResidentSetSize of job (KB)
...
006 (1815395.000.000) 2025-05-08 10:45:33 Image size of job updated: 17455
	17455  -  MemoryUsage of job (MB)
	17874312  -  ResidentSetSize of job (KB)
...
006 (1815395.000.000) 2025-05-08 10:50:33 Image size of job updated: 17457
	17457  -  MemoryUsage of job (MB)
	17876220  -  ResidentSetSize of job (KB)
...
006 (1815395.000.000) 2025-05-08 10:55:33 Image size of job updated: 17500
	17500  -  MemoryUsage of job (MB)
	17920124  -  ResidentSetSize of job (KB)
...
006 (1815395.000.000) 2025-05-08 11:55:40 Image size of job updated: 17510
	17510  -  MemoryUsage of job (MB)
	17930612  -  ResidentSetSize of job (KB)
...
006 (1815395.000.000) 2025-05-08 12:20:45 Image size of job updated: 17532
	17532  -  MemoryUsage of job (MB)
	17953516  -  ResidentSetSize of job (KB)
...
006 (1815395.000.000) 2025-05-08 12:25:45 Image size of job updated: 17541
	17541  -  MemoryUsage of job (MB)
	17962176  -  ResidentSetSize of job (KB)
...
006 (1815395.000.000) 2025-05-08 13:00:48 Image size of job updated: 17541
	17541  -  MemoryUsage of job (MB)
	17962328  -  ResidentSetSize of job (KB)
...
006 (1815395.000.000) 2025-05-08 13:15:49 Image size of job updated: 17544
	17544  -  MemoryUsage of job (MB)
	17965132  -  ResidentSetSize of job (KB)
...
006 (1815395.000.000) 2025-05-08 13:20:49 Image size of job updated: 17552
	17552  -  MemoryUsage of job (MB)
	17973312  -  ResidentSetSize of job (KB)
...
006 (1815395.000.000) 2025-05-08 13:30:50 Image size of job updated: 17593
	17593  -  MemoryUsage of job (MB)
	18015584  -  ResidentSetSize of job (KB)
...
006 (1815395.000.000) 2025-05-08 14:41:00 Image size of job updated: 17609
	17609  -  MemoryUsage of job (MB)
	18032612  -  ResidentSetSize of job (KB)
...
006 (1815395.000.000) 2025-05-08 15:11:01 Image size of job updated: 17623
	17623  -  MemoryUsage of job (MB)
	18046564  -  ResidentSetSize of job (KB)
...
006 (1815395.000.000) 2025-05-08 15:21:03 Image size of job updated: 17710
	17710  -  MemoryUsage of job (MB)
	18135104  -  ResidentSetSize of job (KB)
...
006 (1815395.000.000) 2025-05-08 16:56:13 Image size of job updated: 17719
	17719  -  MemoryUsage of job (MB)
	18144548  -  ResidentSetSize of job (KB)
...
006 (1815395.000.000) 2025-05-08 18:21:21 Image size of job updated: 17729
	17729  -  MemoryUsage of job (MB)
	18155068  -  ResidentSetSize of job (KB)
...
006 (1815395.000.000) 2025-05-08 18:36:24 Image size of job updated: 17743
	17743  -  MemoryUsage of job (MB)
	18169056  -  ResidentSetSize of job (KB)
...
006 (1815395.000.000) 2025-05-08 18:51:27 Image size of job updated: 17754
	17754  -  MemoryUsage of job (MB)
	18180608  -  ResidentSetSize of job (KB)
...
006 (1815395.000.000) 2025-05-08 19:36:31 Image size of job updated: 17758
	17758  -  MemoryUsage of job (MB)
	18185100  -  ResidentSetSize of job (KB)
...
006 (1815395.000.000) 2025-05-08 19:41:32 Image size of job updated: 17775
	17775  -  MemoryUsage of job (MB)
	18202080  -  ResidentSetSize of job (KB)
...
006 (1815395.000.000) 2025-05-08 20:01:33 Image size of job updated: 17797
	17797  -  MemoryUsage of job (MB)
	18224288  -  ResidentSetSize of job (KB)
...
006 (1815395.000.000) 2025-05-08 21:01:39 Image size of job updated: 17801
	17801  -  MemoryUsage of job (MB)
	18228320  -  ResidentSetSize of job (KB)
...
006 (1815395.000.000) 2025-05-08 21:06:40 Image size of job updated: 17802
	17802  -  MemoryUsage of job (MB)
	18229840  -  ResidentSetSize of job (KB)
...
006 (1815395.000.000) 2025-05-08 21:21:43 Image size of job updated: 17851
	17851  -  MemoryUsage of job (MB)
	18279600  -  ResidentSetSize of job (KB)
...
006 (1815395.000.000) 2025-05-08 22:26:50 Image size of job updated: 17854
	17854  -  MemoryUsage of job (MB)
	18282808  -  ResidentSetSize of job (KB)
...
006 (1815395.000.000) 2025-05-08 22:51:52 Image size of job updated: 17865
	17865  -  MemoryUsage of job (MB)
	18294648  -  ResidentSetSize of job (KB)
...
006 (1815395.000.000) 2025-05-08 23:16:56 Image size of job updated: 17878
	17878  -  MemoryUsage of job (MB)
	18307536  -  ResidentSetSize of job (KB)
...
006 (1815395.000.000) 2025-05-08 23:21:57 Image size of job updated: 17878
	17878  -  MemoryUsage of job (MB)
	18307884  -  ResidentSetSize of job (KB)
...
006 (1815395.000.000) 2025-05-08 23:31:58 Image size of job updated: 17881
	17881  -  MemoryUsage of job (MB)
	18310176  -  ResidentSetSize of job (KB)
...
006 (1815395.000.000) 2025-05-08 23:36:58 Image size of job updated: 17888
	17888  -  MemoryUsage of job (MB)
	18318204  -  ResidentSetSize of job (KB)
...
006 (1815395.000.000) 2025-05-09 00:27:03 Image size of job updated: 17916
	17916  -  MemoryUsage of job (MB)
	18346132  -  ResidentSetSize of job (KB)
...
006 (1815395.000.000) 2025-05-09 00:52:06 Image size of job updated: 17939
	17939  -  MemoryUsage of job (MB)
	18369792  -  ResidentSetSize of job (KB)
...
006 (1815395.000.000) 2025-05-09 01:37:10 Image size of job updated: 17947
	17947  -  MemoryUsage of job (MB)
	18378668  -  ResidentSetSize of job (KB)
...
006 (1815395.000.000) 2025-05-09 02:57:18 Image size of job updated: 17950
	17950  -  MemoryUsage of job (MB)
	18381044  -  ResidentSetSize of job (KB)
...
006 (1815395.000.000) 2025-05-09 03:02:18 Image size of job updated: 17957
	17957  -  MemoryUsage of job (MB)
	18388776  -  ResidentSetSize of job (KB)
...
006 (1815395.000.000) 2025-05-09 03:22:21 Image size of job updated: 17961
	17961  -  MemoryUsage of job (MB)
	18392784  -  ResidentSetSize of job (KB)
...
006 (1815395.000.000) 2025-05-09 03:27:21 Image size of job updated: 17977
	17977  -  MemoryUsage of job (MB)
	18409320  -  ResidentSetSize of job (KB)
...
006 (1815395.000.000) 2025-05-09 03:32:21 Image size of job updated: 17995
	17995  -  MemoryUsage of job (MB)
	18427816  -  ResidentSetSize of job (KB)
...
006 (1815395.000.000) 2025-05-09 03:57:24 Image size of job updated: 18021
	18021  -  MemoryUsage of job (MB)
	18454456  -  ResidentSetSize of job (KB)
...
006 (1815395.000.000) 2025-05-09 04:12:26 Image size of job updated: 18037
	18037  -  MemoryUsage of job (MB)
	18470160  -  ResidentSetSize of job (KB)
...
006 (1815395.000.000) 2025-05-09 04:47:30 Image size of job updated: 18047
	18047  -  MemoryUsage of job (MB)
	18480540  -  ResidentSetSize of job (KB)
...
006 (1815395.000.000) 2025-05-09 04:52:31 Image size of job updated: 18071
	18071  -  MemoryUsage of job (MB)
	18505688  -  ResidentSetSize of job (KB)
...
006 (1815395.000.000) 2025-05-09 07:07:43 Image size of job updated: 18073
	18073  -  MemoryUsage of job (MB)
	18507624  -  ResidentSetSize of job (KB)
...
006 (1815395.000.000) 2025-05-09 07:22:46 Image size of job updated: 18074
	18074  -  MemoryUsage of job (MB)
	18508576  -  ResidentSetSize of job (KB)
...
006 (1815395.000.000) 2025-05-09 07:52:47 Image size of job updated: 18103
	18103  -  MemoryUsage of job (MB)
	18538332  -  ResidentSetSize of job (KB)
...
006 (1815395.000.000) 2025-05-09 08:52:54 Image size of job updated: 18117
	18117  -  MemoryUsage of job (MB)
	18552796  -  ResidentSetSize of job (KB)
...
040 (1815395.000.000) 2025-05-09 09:29:29 Started transferring output files
...
040 (1815395.000.000) 2025-05-09 09:29:29 Finished transferring output files
...
005 (1815395.000.000) 2025-05-09 09:29:30 Job terminated.
	(0) Abnormal termination (signal 15)
	(0) No core file
		Usr 2 05:25:22, Sys 0 15:09:11  -  Run Remote Usage
		Usr 0 00:00:00, Sys 0 00:00:00  -  Run Local Usage
		Usr 2 05:25:22, Sys 0 15:09:11  -  Total Remote Usage
		Usr 0 00:00:00, Sys 0 00:00:00  -  Total Local Usage
	491589  -  Run Bytes Sent By Job
	5031  -  Run Bytes Received By Job
	491589  -  Total Bytes Sent By Job
	5031  -  Total Bytes Received By Job
	Partitionable Resources :     Usage  Request Allocated Assigned
	   Cpus                 :      0.00        1         1 
	   Disk (KB)            :    535        5120      7861 
	   GPUs                 :      0           2         2 "GPU-814f208a,GPU-aa89f48d"
	   GpusMemory (MB)      :    753                       
	   Memory (MB)          :  18117       20480     20480 
	   TimeExecute (s)      : 237808                       
	   TimeSlotBusy (s)     : 237811                       

	Job terminated of its own accord at 2025-05-09T16:29:29Z with signal 15.
...
