000 (1815386.000.000) 2025-04-24 01:30:20 Job submitted from host: <10.9.86.41:9618?addrs=10.9.86.41-9618&alias=REDLRADADM14958.ad.medctr.ucla.edu&noUDP&sock=schedd_2970_c05e>
...
040 (1815386.000.000) 2025-04-24 01:30:27 Started transferring input files
	Transferring to host: <10.9.86.42:9618?addrs=10.9.86.42-9618&alias=REDLRADADM14959.ad.medctr.ucla.edu&noUDP&sock=slot1_3_4369_1b0b_8755>
...
040 (1815386.000.000) 2025-04-24 01:30:27 Finished transferring input files
...
001 (1815386.000.000) 2025-04-24 01:30:28 Job executing on host: <10.9.86.42:9618?addrs=10.9.86.42-9618&alias=REDLRADADM14959.ad.medctr.ucla.edu&noUDP&sock=startd_3632_d410>
	SlotName: slot1_3@REDLRADADM14959.ad.medctr.ucla.edu
	AvailableGPUs = { GPUs_GPU_cc612718,GPUs_GPU_d4aea729 }
	CondorScratchDir = "/var/lib/condor/execute/dir_2630724"
	Cpus = 1
	Disk = 7861
	GPUs = 2
	GPUs_GPU_cc612718 = [ Id = "GPU-cc612718"; ClockMhz = 1770.0; Capability = 7.5; CoresPerCU = 64; DeviceName = "Quadro RTX 8000"; DeviceUuid = "cc612718-d67e-4984-cd80-f0907032157c"; ECCEnabled = false; ComputeUnits = 72; DriverVersion = 12.8; DevicePciBusId = "0000:1E:00.0"; GlobalMemoryMb = 48403; MaxSupportedVersion = 12080 ]
	GPUs_GPU_d4aea729 = [ Id = "GPU-d4aea729"; ClockMhz = 1770.0; Capability = 7.5; CoresPerCU = 64; DeviceName = "Quadro RTX 8000"; DeviceUuid = "d4aea729-b5db-9a0f-8b56-41185ba54b9a"; ECCEnabled = false; ComputeUnits = 72; DriverVersion = 12.8; DevicePciBusId = "0000:3D:00.0"; GlobalMemoryMb = 48403; MaxSupportedVersion = 12080 ]
	Memory = 51200
...
006 (1815386.000.000) 2025-04-24 01:30:37 Image size of job updated: 315
	315  -  MemoryUsage of job (MB)
	323300  -  ResidentSetSize of job (KB)
...
006 (1815386.000.000) 2025-04-24 01:35:37 Image size of job updated: 23791
	23791  -  MemoryUsage of job (MB)
	24362196  -  ResidentSetSize of job (KB)
...
006 (1815386.000.000) 2025-04-24 01:40:37 Image size of job updated: 28641
	28641  -  MemoryUsage of job (MB)
	29329264  -  ResidentSetSize of job (KB)
...
006 (1815386.000.000) 2025-04-24 01:45:37 Image size of job updated: 32603
	32603  -  MemoryUsage of job (MB)
	33385560  -  ResidentSetSize of job (KB)
...
006 (1815386.000.000) 2025-04-24 01:50:38 Image size of job updated: 37772
	37772  -  MemoryUsage of job (MB)
	38678916  -  ResidentSetSize of job (KB)
...
006 (1815386.000.000) 2025-04-24 01:55:39 Image size of job updated: 39161
	39161  -  MemoryUsage of job (MB)
	40101280  -  ResidentSetSize of job (KB)
...
006 (1815386.000.000) 2025-04-24 02:00:41 Image size of job updated: 41992
	41992  -  MemoryUsage of job (MB)
	43000676  -  ResidentSetSize of job (KB)
...
006 (1815386.000.000) 2025-04-24 02:05:41 Image size of job updated: 44583
	44583  -  MemoryUsage of job (MB)
	45653564  -  ResidentSetSize of job (KB)
...
006 (1815386.000.000) 2025-04-24 02:10:42 Image size of job updated: 47546
	47546  -  MemoryUsage of job (MB)
	48687808  -  ResidentSetSize of job (KB)
...
006 (1815386.000.000) 2025-04-24 02:15:43 Image size of job updated: 51199
	51199  -  MemoryUsage of job (MB)
	52428704  -  ResidentSetSize of job (KB)
...
021 (1815386.000.000) 2025-04-24 02:18:18 Error from starter on slot1_3@REDLRADADM14959.ad.medctr.ucla.edu:
	Docker job has gone over memory limit of 51200 Mb
	Code 34 Subcode 0
...
004 (1815386.000.000) 2025-04-24 02:18:18 Job was evicted.
	(0) CPU times
		Usr 0 00:37:41, Sys 0 00:10:20  -  Run Remote Usage
		Usr 0 00:00:00, Sys 0 00:00:00  -  Run Local Usage
	0  -  Run Bytes Sent By Job
	5049  -  Run Bytes Received By Job
	Error from slot1_3@REDLRADADM14959.ad.medctr.ucla.edu: Docker job has gone over memory limit of 51200 Mb
	Partitionable Resources :    Usage  Request Allocated Assigned
	   Cpus                 :     0.00        1         1 
	   Disk (KB)            :   913        5120      7861 
	   GPUs                 :     0           2         2 "GPU-cc612718,GPU-d4aea729"
	   GpusMemory (MB)      :   753                       
	   Memory (MB)          : 51199       51200     51200 
	   TimeSlotBusy (s)     :  2871                       
...
012 (1815386.000.000) 2025-04-24 02:18:18 Job was held.
	Error from slot1_3@REDLRADADM14959.ad.medctr.ucla.edu: Docker job has gone over memory limit of 51200 Mb
	Code 34 Subcode 0
...
009 (1815386.000.000) 2025-04-24 12:30:32 Job was aborted.
	via condor_rm (by user blchau)
...
