000 (1815352.000.000) 2025-04-14 19:37:31 Job submitted from host: <10.9.86.41:9618?addrs=10.9.86.41-9618&alias=REDLRADADM14958.ad.medctr.ucla.edu&noUDP&sock=schedd_2970_c05e>
...
040 (1815352.000.000) 2025-04-14 19:38:21 Started transferring input files
	Transferring to host: <10.9.86.42:9618?addrs=10.9.86.42-9618&alias=REDLRADADM14959.ad.medctr.ucla.edu&noUDP&sock=slot1_1_4369_1b0b_2737>
...
040 (1815352.000.000) 2025-04-14 19:38:21 Finished transferring input files
...
001 (1815352.000.000) 2025-04-14 19:38:22 Job executing on host: <10.9.86.42:9618?addrs=10.9.86.42-9618&alias=REDLRADADM14959.ad.medctr.ucla.edu&noUDP&sock=startd_3632_d410>
	SlotName: slot1_1@REDLRADADM14959.ad.medctr.ucla.edu
	AvailableGPUs = { GPUs_GPU_814f208a }
	CondorScratchDir = "/var/lib/condor/execute/dir_3972455"
	Cpus = 1
	Disk = 3765
	GPUs = 1
	GPUs_GPU_814f208a = [ Id = "GPU-814f208a"; ClockMhz = 1770.0; Capability = 7.5; CoresPerCU = 64; DeviceName = "Quadro RTX 8000"; DeviceUuid = "814f208a-0084-e091-cffb-dc81d3df4ee3"; ECCEnabled = false; ComputeUnits = 72; DriverVersion = 12.8; DevicePciBusId = "0000:1A:00.0"; GlobalMemoryMb = 48403; MaxSupportedVersion = 12080 ]
	Memory = 43008
...
006 (1815352.000.000) 2025-04-14 19:38:30 Image size of job updated: 212
	212  -  MemoryUsage of job (MB)
	217916  -  ResidentSetSize of job (KB)
...
006 (1815352.000.000) 2025-04-14 19:43:31 Image size of job updated: 10016
	10016  -  MemoryUsage of job (MB)
	10256752  -  ResidentSetSize of job (KB)
...
006 (1815352.000.000) 2025-04-14 19:48:31 Image size of job updated: 10073
	10073  -  MemoryUsage of job (MB)
	10315036  -  ResidentSetSize of job (KB)
...
006 (1815352.000.000) 2025-04-14 19:53:31 Image size of job updated: 10589
	10589  -  MemoryUsage of job (MB)
	10844152  -  ResidentSetSize of job (KB)
...
006 (1815352.000.000) 2025-04-14 19:58:31 Image size of job updated: 10631
	10631  -  MemoryUsage of job (MB)
	10886668  -  ResidentSetSize of job (KB)
...
006 (1815352.000.000) 2025-04-14 20:03:31 Image size of job updated: 10654
	10654  -  MemoryUsage of job (MB)
	10910556  -  ResidentSetSize of job (KB)
...
006 (1815352.000.000) 2025-04-14 20:08:31 Image size of job updated: 10655
	10655  -  MemoryUsage of job (MB)
	10910764  -  ResidentSetSize of job (KB)
...
006 (1815352.000.000) 2025-04-14 20:13:31 Image size of job updated: 10672
	10672  -  MemoryUsage of job (MB)
	10928336  -  ResidentSetSize of job (KB)
...
006 (1815352.000.000) 2025-04-14 20:23:33 Image size of job updated: 10674
	10674  -  MemoryUsage of job (MB)
	10930700  -  ResidentSetSize of job (KB)
...
006 (1815352.000.000) 2025-04-14 20:28:34 Image size of job updated: 10680
	10680  -  MemoryUsage of job (MB)
	10936476  -  ResidentSetSize of job (KB)
...
006 (1815352.000.000) 2025-04-14 21:38:41 Image size of job updated: 10680
	10680  -  MemoryUsage of job (MB)
	10937260  -  ResidentSetSize of job (KB)
...
006 (1815352.000.000) 2025-04-14 22:13:44 Image size of job updated: 10686
	10686  -  MemoryUsage of job (MB)
	10942772  -  ResidentSetSize of job (KB)
...
006 (1815352.000.000) 2025-04-14 22:18:45 Image size of job updated: 10687
	10687  -  MemoryUsage of job (MB)
	10943876  -  ResidentSetSize of job (KB)
...
006 (1815352.000.000) 2025-04-14 23:13:50 Image size of job updated: 10687
	10687  -  MemoryUsage of job (MB)
	10944272  -  ResidentSetSize of job (KB)
...
006 (1815352.000.000) 2025-04-14 23:18:51 Image size of job updated: 10688
	10688  -  MemoryUsage of job (MB)
	10945120  -  ResidentSetSize of job (KB)
...
006 (1815352.000.000) 2025-04-14 23:28:51 Image size of job updated: 10689
	10689  -  MemoryUsage of job (MB)
	10945624  -  ResidentSetSize of job (KB)
...
006 (1815352.000.000) 2025-04-14 23:33:51 Image size of job updated: 10690
	10690  -  MemoryUsage of job (MB)
	10947236  -  ResidentSetSize of job (KB)
...
006 (1815352.000.000) 2025-04-14 23:53:54 Image size of job updated: 10690
	10690  -  MemoryUsage of job (MB)
	10947536  -  ResidentSetSize of job (KB)
...
006 (1815352.000.000) 2025-04-15 00:03:56 Image size of job updated: 10691
	10691  -  MemoryUsage of job (MB)
	10948344  -  ResidentSetSize of job (KB)
...
006 (1815352.000.000) 2025-04-15 00:08:57 Image size of job updated: 10693
	10693  -  MemoryUsage of job (MB)
	10949768  -  ResidentSetSize of job (KB)
...
006 (1815352.000.000) 2025-04-15 00:23:57 Image size of job updated: 10693
	10693  -  MemoryUsage of job (MB)
	10950396  -  ResidentSetSize of job (KB)
...
006 (1815352.000.000) 2025-04-15 00:33:57 Image size of job updated: 10694
	10694  -  MemoryUsage of job (MB)
	10951280  -  ResidentSetSize of job (KB)
...
006 (1815352.000.000) 2025-04-15 00:43:59 Image size of job updated: 10695
	10695  -  MemoryUsage of job (MB)
	10951864  -  ResidentSetSize of job (KB)
...
006 (1815352.000.000) 2025-04-15 00:49:00 Image size of job updated: 10695
	10695  -  MemoryUsage of job (MB)
	10952588  -  ResidentSetSize of job (KB)
...
006 (1815352.000.000) 2025-04-15 00:54:01 Image size of job updated: 10696
	10696  -  MemoryUsage of job (MB)
	10953216  -  ResidentSetSize of job (KB)
...
006 (1815352.000.000) 2025-04-15 00:59:02 Image size of job updated: 10714
	10714  -  MemoryUsage of job (MB)
	10971356  -  ResidentSetSize of job (KB)
...
006 (1815352.000.000) 2025-04-15 01:04:02 Image size of job updated: 10717
	10717  -  MemoryUsage of job (MB)
	10974316  -  ResidentSetSize of job (KB)
...
006 (1815352.000.000) 2025-04-15 01:09:02 Image size of job updated: 10718
	10718  -  MemoryUsage of job (MB)
	10976228  -  ResidentSetSize of job (KB)
...
006 (1815352.000.000) 2025-04-15 02:09:07 Image size of job updated: 10719
	10719  -  MemoryUsage of job (MB)
	10976272  -  ResidentSetSize of job (KB)
...
006 (1815352.000.000) 2025-04-15 02:49:13 Image size of job updated: 10720
	10720  -  MemoryUsage of job (MB)
	10978228  -  ResidentSetSize of job (KB)
...
006 (1815352.000.000) 2025-04-15 02:54:13 Image size of job updated: 10721
	10721  -  MemoryUsage of job (MB)
	10978540  -  ResidentSetSize of job (KB)
...
006 (1815352.000.000) 2025-04-15 03:09:14 Image size of job updated: 10724
	10724  -  MemoryUsage of job (MB)
	10981956  -  ResidentSetSize of job (KB)
...
006 (1815352.000.000) 2025-04-15 04:24:22 Image size of job updated: 10725
	10725  -  MemoryUsage of job (MB)
	10983168  -  ResidentSetSize of job (KB)
...
006 (1815352.000.000) 2025-04-15 05:19:28 Image size of job updated: 10727
	10727  -  MemoryUsage of job (MB)
	10985172  -  ResidentSetSize of job (KB)
...
006 (1815352.000.000) 2025-04-15 05:54:33 Image size of job updated: 10728
	10728  -  MemoryUsage of job (MB)
	10985924  -  ResidentSetSize of job (KB)
...
006 (1815352.000.000) 2025-04-15 05:59:33 Image size of job updated: 10730
	10730  -  MemoryUsage of job (MB)
	10988232  -  ResidentSetSize of job (KB)
...
006 (1815352.000.000) 2025-04-15 06:04:33 Image size of job updated: 10731
	10731  -  MemoryUsage of job (MB)
	10989468  -  ResidentSetSize of job (KB)
...
006 (1815352.000.000) 2025-04-15 06:09:33 Image size of job updated: 10733
	10733  -  MemoryUsage of job (MB)
	10991236  -  ResidentSetSize of job (KB)
...
006 (1815352.000.000) 2025-04-15 06:34:37 Image size of job updated: 10733
	10733  -  MemoryUsage of job (MB)
	10991432  -  ResidentSetSize of job (KB)
...
006 (1815352.000.000) 2025-04-15 06:44:39 Image size of job updated: 10754
	10754  -  MemoryUsage of job (MB)
	11012108  -  ResidentSetSize of job (KB)
...
006 (1815352.000.000) 2025-04-15 07:34:44 Image size of job updated: 10755
	10755  -  MemoryUsage of job (MB)
	11013268  -  ResidentSetSize of job (KB)
...
006 (1815352.000.000) 2025-04-15 08:44:48 Image size of job updated: 10757
	10757  -  MemoryUsage of job (MB)
	11016132  -  ResidentSetSize of job (KB)
...
006 (1815352.000.000) 2025-04-15 09:29:53 Image size of job updated: 10758
	10758  -  MemoryUsage of job (MB)
	11016996  -  ResidentSetSize of job (KB)
...
006 (1815352.000.000) 2025-04-15 09:44:55 Image size of job updated: 10760
	10760  -  MemoryUsage of job (MB)
	11018928  -  ResidentSetSize of job (KB)
...
040 (1815352.000.000) 2025-04-15 10:03:07 Started transferring output files
...
040 (1815352.000.000) 2025-04-15 10:03:07 Finished transferring output files
...
005 (1815352.000.000) 2025-04-15 10:03:07 Job terminated.
	(1) Normal termination (return value 0)
		Usr 0 16:19:42, Sys 0 01:10:35  -  Run Remote Usage
		Usr 0 00:00:00, Sys 0 00:00:00  -  Run Local Usage
		Usr 0 16:19:42, Sys 0 01:10:35  -  Total Remote Usage
		Usr 0 00:00:00, Sys 0 00:00:00  -  Total Local Usage
	4754518  -  Run Bytes Sent By Job
	4049  -  Run Bytes Received By Job
	4754518  -  Total Bytes Sent By Job
	4049  -  Total Bytes Received By Job
	Partitionable Resources :    Usage  Request Allocated Assigned
	   Cpus                 :     0.00        1         1 
	   Disk (KB)            :  4691           5      3765 
	   GPUs                 :     0.98        1         1 "GPU-814f208a"
	   GpusMemory (MB)      : 12601                       
	   Memory (MB)          : 10760       42988     43008 
	   TimeExecute (s)      : 51885                       
	   TimeSlotBusy (s)     : 51886                       

	Job terminated of its own accord at 2025-04-15T17:03:07Z with exit-code 0.
...
